// Jest Snapshot v1, https://goo.gl/fbAQLP

exports[`LayoutFooterContentComponent should match the snapshot when description and links are defined 1`] = `
<div>
  <div
    class="fr-footer__content"
  >
    <p
      class="fr-footer__content-desc"
    >
      any description mock
    </p>
    <ul
      class="fr-footer__content-list"
    >
      <li
        class="fr-footer__content-item"
      >
        <span
          data-mockid="LinkComponent"
        />
      </li>
      <li
        class="fr-footer__content-item"
      >
        <span
          data-mockid="LinkComponent"
        />
      </li>
    </ul>
  </div>
</div>
`;
